========================================================
KINDA — 3D CHARACTER FRAME GENERATOR
Pollinations (free) + rembg cut-out
========================================================
[1/24] welcome-1  generating…
    ✓ saved public\images\character\3d\welcome-1.png
[2/24] welcome-2  generating…
    ✓ saved public\images\character\3d\welcome-2.png
[3/24] welcome-3  generating…
    ✓ saved public\images\character\3d\welcome-3.png
[4/24] idle-1  generating…
    ✓ saved public\images\character\3d\idle-1.png
[5/24] idle-2  generating…
    ✓ saved public\images\character\3d\idle-2.png
[6/24] teaching-1  generating…
    ✓ saved public\images\character\3d\teaching-1.png
[7/24] teaching-2  generating…
    ✓ saved public\images\character\3d\teaching-2.png
[8/24] teaching-3  generating…
    ✓ saved public\images\character\3d\teaching-3.png
[9/24] pointing-1  generating…
    ✓ saved public\images\character\3d\pointing-1.png
[10/24] pointing-2  generating…
    ✓ saved public\images\character\3d\pointing-2.png
[11/24] sad-1  generating…
    ✓ saved public\images\character\3d\sad-1.png
[12/24] sad-2  generating…
    ✓ saved public\images\character\3d\sad-2.png
[13/24] happy-1  generating…
    ✓ saved public\images\character\3d\happy-1.png
[14/24] happy-2  generating…
    ✓ saved public\images\character\3d\happy-2.png
[15/24] excited-1  generating…
    ✓ saved public\images\character\3d\excited-1.png
[16/24] excited-2  generating…
    ✓ saved public\images\character\3d\excited-2.png
[17/24] excited-3  generating…
    ✓ saved public\images\character\3d\excited-3.png
[18/24] celebrating-1  generating…
    ✓ saved public\images\character\3d\celebrating-1.png
[19/24] celebrating-2  generating…
    ✓ saved public\images\character\3d\celebrating-2.png
[20/24] celebrating-3  generating…
    ✓ saved public\images\character\3d\celebrating-3.png
[21/24] nom_nom-1  generating…
    ✓ saved public\images\character\3d\nom_nom-1.png
[22/24] nom_nom-2  generating…
    ✓ saved public\images\character\3d\nom_nom-2.png
[23/24] watching-1  generating…
    ✓ saved public\images\character\3d\watching-1.png
[24/24] watching-2  generating…
    ✓ saved public\images\character\3d\watching-2.png
========================================================
FINISHED  generated:24  skipped:0  errors:0
Frames + manifest in public\images\character\3d
========================================================
